Archive member included because of file (symbol)

contiki-sky.a(sdn-debug.o)    controller-node.co (print_packet)
contiki-sky.a(sdn-addr.o)     controller-node.co (sdnaddr_copy)
contiki-sky.a(collect-nd.o)   controller-node.co (collect_sdn_nd)
contiki-sky.a(collectsdn.o)   contiki-sky.a(collect-nd.o) (collect_sdn_open)
contiki-sky.a(sdn-neighbor-ta)
                              contiki-sky.a(collect-nd.o) (sdn_neighbor_table_init)
contiki-sky.a(sdn-send-packet)
                              controller-node.co (sdn_send_neighbor_report)
contiki-sky.a(sdn-packetbuf.o)
                              controller-node.co (sdn_packetbuf_pool_get)
contiki-sky.a(sdn-serial.o)   controller-node.co (sdn_serial_init)
contiki-sky.a(sdn-send.o)     controller-node.co (sdn_send_down_once)
contiki-sky.a(sdn-queue.o)    contiki-sky.a(sdn-send.o) (sdn_send_queue_init)
contiki-sky.a(sdn-receive.o)  controller-node.co (sdn_seqno_is_duplicate)
contiki-sky.a(null-cd.o)      controller-node.co (null_sdn_cd)
contiki-sky.a(collect-cd.o)   contiki-sky.a(collectsdn.o) (controller_discovery)
contiki-sky.a(protocol-commut)
                              obj_sky/contiki-sky-main.o (commutator_protocol_driver)
contiki-sky.a(powertrace.o)   controller-node.co (powertrace_start)
contiki-sky.a(contiki-sky-pla)
                              obj_sky/contiki-sky-main.o (init_platform)
contiki-sky.a(button-sensor.o)
                              contiki-sky.a(contiki-sky-pla) (button_sensor)
contiki-sky.a(ds2411.o)       obj_sky/contiki-sky-main.o (ds2411_init)
contiki-sky.a(xmem.o)         obj_sky/contiki-sky-main.o (xmem_init)
contiki-sky.a(node-id.o)      obj_sky/contiki-sky-main.o (node_id_restore)
contiki-sky.a(sensors.o)      contiki-sky.a(button-sensor.o) (sensors_changed)
contiki-sky.a(cc2420.o)       obj_sky/contiki-sky-main.o (cc2420_set_pan_addr)
contiki-sky.a(cc2420-arch.o)  contiki-sky.a(cc2420.o) (cc2420_arch_init)
contiki-sky.a(uart1.o)        obj_sky/contiki-sky-main.o (uart1_active)
contiki-sky.a(uart1-putchar.o)
                              controller-node.co (putchar)
contiki-sky.a(msp430.o)       contiki-sky.a(uart1.o) (msp430_add_lpm_req)
contiki-sky.a(clock.o)        contiki-sky.a(collectsdn.o) (clock_time)
contiki-sky.a(leds.o)         obj_sky/contiki-sky-main.o (leds_init)
contiki-sky.a(leds-arch.o)    contiki-sky.a(leds.o) (leds_arch_init)
contiki-sky.a(watchdog.o)     obj_sky/contiki-sky-main.o (watchdog_start)
contiki-sky.a(rtimer-arch.o)  obj_sky/contiki-sky-main.o (rtimer_arch_now)
contiki-sky.a(autostart.o)    obj_sky/contiki-sky-main.o (autostart_start)
contiki-sky.a(energest.o)     obj_sky/contiki-sky-main.o (energest_init)
contiki-sky.a(ctimer.o)       obj_sky/contiki-sky-main.o (ctimer_init)
contiki-sky.a(etimer.o)       contiki-sky.a(clock.o) (etimer_request_poll)
contiki-sky.a(compower.o)     contiki-sky.a(powertrace.o) (compower_idle_activity)
contiki-sky.a(process.o)      contiki-sky.a(sdn-serial.o) (process_current)
contiki-sky.a(rtimer.o)       obj_sky/contiki-sky-main.o (rtimer_init)
contiki-sky.a(timer.o)        obj_sky/contiki-sky-main.o (timer_set)
contiki-sky.a(serial-line.o)  obj_sky/contiki-sky-main.o (serial_line_input_byte)
contiki-sky.a(list.o)         contiki-sky.a(collectsdn.o) (list_init)
contiki-sky.a(memb.o)         contiki-sky.a(sdn-neighbor-ta) (memb_alloc)
contiki-sky.a(random.o)       obj_sky/contiki-sky-main.o (random_init)
contiki-sky.a(ringbuf.o)      contiki-sky.a(serial-line.o) (ringbuf_init)
contiki-sky.a(channel.o)      contiki-sky.a(collectsdn.o) (channel_set_attributes)
contiki-sky.a(packetqueue.o)  contiki-sky.a(collectsdn.o) (packetqueue_enqueue_packetbuf)
contiki-sky.a(chameleon.o)    contiki-sky.a(channel.o) (chameleon_hdrsize)
contiki-sky.a(collect-neighbo)
                              contiki-sky.a(collectsdn.o) (collect_neighbor_init)
contiki-sky.a(rime.o)         contiki-sky.a(powertrace.o) (rime_sniffer_add)
contiki-sky.a(unicast.o)      contiki-sky.a(collectsdn.o) (unicast_open)
contiki-sky.a(collect-link-es)
                              contiki-sky.a(collect-neighbo) (collect_link_estimate_new)
contiki-sky.a(announcement.o)
                              contiki-sky.a(rime.o) (announcement_init)
contiki-sky.a(csma.o)         obj_sky/contiki-sky-main.o (csma_driver)
contiki-sky.a(mac.o)          contiki-sky.a(csma.o) (mac_call_sent_callback)
contiki-sky.a(nullrdc.o)      obj_sky/contiki-sky-main.o (nullrdc_driver)
contiki-sky.a(queuebuf.o)     contiki-sky.a(rime.o) (queuebuf_init)
contiki-sky.a(packetbuf.o)    contiki-sky.a(rime.o) (packetbuf_compact)
contiki-sky.a(linkaddr.o)     obj_sky/contiki-sky-main.o (linkaddr_copy)
contiki-sky.a(contikimac-fram)
                              contiki-sky.a(nullrdc.o) (contikimac_framer)
contiki-sky.a(sdn-network.o)  contiki-sky.a(sdn-send.o) (sdn_network_send)
contiki-sky.a(spi.o)          contiki-sky.a(xmem.o) (spi_init)
contiki-sky.a(chameleon-bitop)
[...]
Memory Configuration

Name             Origin             Length             Attributes
sfr              0x0000000000000000 0x0000000000000010
peripheral_8bit  0x0000000000000010 0x00000000000000f0
peripheral_16bit 0x0000000000000100 0x0000000000000100
ram_mirror       0x0000000000000200 0x0000000000000800 xw
infomem          0x0000000000001000 0x0000000000000100
infob            0x0000000000001000 0x0000000000000080
infoa            0x0000000000001080 0x0000000000000080
ram              0x0000000000001100 0x0000000000002800 xw
rom              0x0000000000004000 0x000000000000bfe0 xr
vectors          0x000000000000ffe0 0x0000000000000020
bsl              0x0000000000000000 0x0000000000000000
infoc            0x0000000000000000 0x0000000000000000
infod            0x0000000000000000 0x0000000000000000
ram2             0x0000000000000000 0x0000000000000000 xw
usbram           0x0000000000000000 0x0000000000000000 xw
far_rom          0x0000000000000000 0x0000000000000000
*default*        0x0000000000000000 0xffffffffffffffff

Linker script and memory map

LOAD /usr/lib/gcc/msp430/4.6.3/mmpy-16/crt0ivtbl16.o
LOAD controller-node.co
LOAD obj_sky/contiki-sky-main.o
LOAD contiki-sky.a
LOAD /usr/lib/gcc/msp430/4.6.3/../../../../msp430/lib/mmpy-16/libm.a
LOAD /usr/lib/gcc/msp430/4.6.3/mmpy-16/libgcc.a
LOAD /usr/lib/gcc/msp430/4.6.3/../../../../msp430/lib/mmpy-16/libc.a
LOAD /usr/lib/gcc/msp430/4.6.3/mmpy-16/libgcc.a
LOAD /usr/lib/gcc/msp430/4.6.3/mmpy-16/libcrt0.a
                0x0000000000000080                PROVIDE (__info_segment_size, 0x80)
                0x0000000000001000                PROVIDE (__infob, 0x1000)
                0x0000000000001080                PROVIDE (__infoa, 0x1080)
                0x0000000000000000                __IE1 = 0x0
                0x0000000000000002                __IFG1 = 0x2
                0x0000000000000004                __ME1 = 0x4
                0x0000000000000001                __IE2 = 0x1
                0x0000000000000003                __IFG2 = 0x3
                0x0000000000000005                __ME2 = 0x5
                0x0000000000000120                __WDTCTL = 0x120
                0x0000000000000130                __MPY = 0x130
                0x0000000000000132                __MPYS = 0x132
                0x0000000000000134                __MAC = 0x134
                0x0000000000000136                __MACS = 0x136
                0x0000000000000138                __OP2 = 0x138
                0x000000000000013a                __RESLO = 0x13a
                0x000000000000013c                __RESHI = 0x13c
                0x000000000000013e                __SUMEXT = 0x13e
                0x0000000000000020                __P1IN = 0x20
                0x0000000000000021                __P1OUT = 0x21
                0x0000000000000022                __P1DIR = 0x22
                0x0000000000000023                __P1IFG = 0x23
                0x0000000000000024                __P1IES = 0x24
                0x0000000000000025                __P1IE = 0x25
                0x0000000000000026                __P1SEL = 0x26
                0x0000000000000028                __P2IN = 0x28
                0x0000000000000029                __P2OUT = 0x29
                0x000000000000002a                __P2DIR = 0x2a
                0x000000000000002b                __P2IFG = 0x2b
                0x000000000000002c                __P2IES = 0x2c
                0x000000000000002d                __P2IE = 0x2d
                0x000000000000002e                __P2SEL = 0x2e
                0x0000000000000018                __P3IN = 0x18
                0x0000000000000019                __P3OUT = 0x19
                0x000000000000001a                __P3DIR = 0x1a
                0x000000000000001b                __P3SEL = 0x1b
                0x000000000000001c                __P4IN = 0x1c
                0x000000000000001d                __P4OUT = 0x1d
                0x000000000000001e                __P4DIR = 0x1e
                0x000000000000001f                __P4SEL = 0x1f
                0x0000000000000030                __P5IN = 0x30
                0x0000000000000031                __P5OUT = 0x31
                0x0000000000000032                __P5DIR = 0x32
                0x0000000000000033                __P5SEL = 0x33
                0x0000000000000034                __P6IN = 0x34
                0x0000000000000035                __P6OUT = 0x35
                0x0000000000000036                __P6DIR = 0x36
                0x0000000000000037                __P6SEL = 0x37
                0x0000000000000070                __U0CTL = 0x70
                0x0000000000000071                __U0TCTL = 0x71
                0x0000000000000072                __U0RCTL = 0x72
                0x0000000000000073                __U0MCTL = 0x73
                0x0000000000000074                __U0BR0 = 0x74
                0x0000000000000075                __U0BR1 = 0x75
                0x0000000000000076                __U0RXBUF = 0x76
                0x0000000000000077                __U0TXBUF = 0x77
                0x0000000000000078                __U1CTL = 0x78
                0x0000000000000079                __U1TCTL = 0x79
                0x000000000000007a                __U1RCTL = 0x7a
                0x000000000000007b                __U1MCTL = 0x7b
                0x000000000000007c                __U1BR0 = 0x7c
                0x000000000000007d                __U1BR1 = 0x7d
                0x000000000000007e                __U1RXBUF = 0x7e
                0x000000000000007f                __U1TXBUF = 0x7f
                0x0000000000000050                __I2CIE = 0x50
                0x0000000000000051                __I2CIFG = 0x51
                0x0000000000000052                __I2CNDAT = 0x52
                0x0000000000000071                __I2CTCTL = 0x71
                0x0000000000000072                __I2CDCTL = 0x72
                0x0000000000000073                __I2CPSC = 0x73
                0x0000000000000074                __I2CSCLH = 0x74
                0x0000000000000075                __I2CSCLL = 0x75
                0x0000000000000076                __I2CDRB = 0x76
                0x0000000000000076                __I2CDRW = 0x76
                0x0000000000000118                __I2COA = 0x118
                0x000000000000011a                __I2CSA = 0x11a
                0x000000000000011c                __I2CIV = 0x11c
                0x000000000000012e                __TAIV = 0x12e
                0x0000000000000160                __TACTL = 0x160
                0x0000000000000162                __TACCTL0 = 0x162
                0x0000000000000164                __TACCTL1 = 0x164
                0x0000000000000166                __TACCTL2 = 0x166
                0x0000000000000170                __TAR = 0x170
                0x0000000000000172                __TACCR0 = 0x172
                0x0000000000000174                __TACCR1 = 0x174
                0x0000000000000176                __TACCR2 = 0x176
                0x000000000000011e                __TBIV = 0x11e
                0x0000000000000180                __TBCTL = 0x180
                0x0000000000000182                __TBCCTL0 = 0x182
                0x0000000000000184                __TBCCTL1 = 0x184
                0x0000000000000186                __TBCCTL2 = 0x186
                0x0000000000000188                __TBCCTL3 = 0x188
                0x000000000000018a                __TBCCTL4 = 0x18a
                0x000000000000018c                __TBCCTL5 = 0x18c
                0x000000000000018e                __TBCCTL6 = 0x18e
                0x0000000000000190                __TBR = 0x190
                0x0000000000000192                __TBCCR0 = 0x192
                0x0000000000000194                __TBCCR1 = 0x194
                0x0000000000000196                __TBCCR2 = 0x196
                0x0000000000000198                __TBCCR3 = 0x198
                0x000000000000019a                __TBCCR4 = 0x19a
                0x000000000000019c                __TBCCR5 = 0x19c
                0x000000000000019e                __TBCCR6 = 0x19e
                0x0000000000000056                __DCOCTL = 0x56
                0x0000000000000057                __BCSCTL1 = 0x57
                0x0000000000000058                __BCSCTL2 = 0x58
                0x0000000000000055                __SVSCTL = 0x55
                0x0000000000000128                __FCTL1 = 0x128
                0x000000000000012a                __FCTL2 = 0x12a
                0x000000000000012c                __FCTL3 = 0x12c
                0x0000000000000059                __CACTL1 = 0x59
                0x000000000000005a                __CACTL2 = 0x5a
                0x000000000000005b                __CAPD = 0x5b
                0x00000000000001a0                __ADC12CTL0 = 0x1a0
                0x00000000000001a2                __ADC12CTL1 = 0x1a2
                0x00000000000001a4                __ADC12IFG = 0x1a4
                0x00000000000001a6                __ADC12IE = 0x1a6
                0x00000000000001a8                __ADC12IV = 0x1a8
                0x0000000000000140                __ADC12MEM0 = 0x140
                0x0000000000000142                __ADC12MEM1 = 0x142
                0x0000000000000144                __ADC12MEM2 = 0x144
                0x0000000000000146                __ADC12MEM3 = 0x146
                0x0000000000000148                __ADC12MEM4 = 0x148
                0x000000000000014a                __ADC12MEM5 = 0x14a
                0x000000000000014c                __ADC12MEM6 = 0x14c
                0x000000000000014e                __ADC12MEM7 = 0x14e
                0x0000000000000150                __ADC12MEM8 = 0x150
                0x0000000000000152                __ADC12MEM9 = 0x152
                0x0000000000000154                __ADC12MEM10 = 0x154
                0x0000000000000156                __ADC12MEM11 = 0x156
                0x0000000000000158                __ADC12MEM12 = 0x158
                0x000000000000015a                __ADC12MEM13 = 0x15a
                0x000000000000015c                __ADC12MEM14 = 0x15c
                0x000000000000015e                __ADC12MEM15 = 0x15e
                0x0000000000000080                __ADC12MCTL0 = 0x80
                0x0000000000000081                __ADC12MCTL1 = 0x81
                0x0000000000000082                __ADC12MCTL2 = 0x82
                0x0000000000000083                __ADC12MCTL3 = 0x83
                0x0000000000000084                __ADC12MCTL4 = 0x84
                0x0000000000000085                __ADC12MCTL5 = 0x85
                0x0000000000000086                __ADC12MCTL6 = 0x86
                0x0000000000000087                __ADC12MCTL7 = 0x87
                0x0000000000000088                __ADC12MCTL8 = 0x88
                0x0000000000000089                __ADC12MCTL9 = 0x89
                0x000000000000008a                __ADC12MCTL10 = 0x8a
                0x000000000000008b                __ADC12MCTL11 = 0x8b
                0x000000000000008c                __ADC12MCTL12 = 0x8c
                0x000000000000008d                __ADC12MCTL13 = 0x8d
                0x000000000000008e                __ADC12MCTL14 = 0x8e
                0x000000000000008f                __ADC12MCTL15 = 0x8f
                0x00000000000001c0                __DAC12_0CTL = 0x1c0
                0x00000000000001c2                __DAC12_1CTL = 0x1c2
                0x00000000000001c8                __DAC12_0DAT = 0x1c8
                0x00000000000001ca                __DAC12_1DAT = 0x1ca
                0x0000000000000122                __DMACTL0 = 0x122
                0x0000000000000124                __DMACTL1 = 0x124
                0x00000000000001e0                __DMA0CTL = 0x1e0
                0x00000000000001e8                __DMA1CTL = 0x1e8
                0x00000000000001f0                __DMA2CTL = 0x1f0
                0x00000000000001e2                __DMA0SA = 0x1e2
                0x00000000000001e4                __DMA0DA = 0x1e4
                0x00000000000001e6                __DMA0SZ = 0x1e6
                0x00000000000001ea                __DMA1SA = 0x1ea
                0x00000000000001ec                __DMA1DA = 0x1ec
                0x00000000000001ee                __DMA1SZ = 0x1ee
                0x00000000000001f2                __DMA2SA = 0x1f2
                0x00000000000001f4                __DMA2DA = 0x1f4
                0x00000000000001f6                __DMA2SZ = 0x1f6

.hash
 *(.hash)

.dynsym
 *(.dynsym)

.dynstr
 *(.dynstr)

.gnu.version
 *(.gnu.version)

.gnu.version_d
 *(.gnu.version_d)

.gnu.version_r
 *(.gnu.version_r)

.rel.init
 *(.rel.init)

.rela.init
 *(.rela.init)

.rel.fini
 *(.rel.fini)

.rela.fini
 *(.rela.fini)

.rel.text
 *(.rel.text .rel.text.* .rel.gnu.linkonce.t.*)

.rela.text
 *(.rela.text .rela.text.* .rela.gnu.linkonce.t.*)

.rel.rodata
 *(.rel.rodata .rel.rodata.* .rel.gnu.linkonce.r.*)

.rela.rodata
 *(.rela.rodata .rela.rodata.* .rela.gnu.linkonce.r.*)

.rel.data
 *(.rel.data .rel.data.* .rel.gnu.linkonce.d.*)

.rela.data
 *(.rela.data .rela.data.* .rela.gnu.linkonce.d.*)

.rel.bss
 *(.rel.bss .rel.bss.* .rel.gnu.linkonce.b.*)

.rela.bss
 *(.rela.bss .rela.bss.* .rela.gnu.linkonce.b.*)

.rel.ctors
 *(.rel.ctors)

.rela.ctors
 *(.rela.ctors)

.rel.dtors
 *(.rel.dtors)

.rela.dtors
 *(.rela.dtors)

.rel.got
 *(.rel.got)

.rela.got
 *(.rela.got)

.rel.plt
 *(.rel.plt)

.rela.plt
 *(.rela.plt)

.text           0x0000000000004000     0x85a2
                0x0000000000004000                . = ALIGN (0x2)
 *(.init .init.*)
 *(.init0)
 .init0         0x0000000000004000        0x0 /usr/lib/gcc/msp430/4.6.3/mmpy-16/libcrt0.a(_reset_vector__.o)
                0x0000000000004000                _reset_vector__
 *(.init1)
 .init1         0x0000000000004000        0xc /usr/lib/gcc/msp430/4.6.3/mmpy-16/libcrt0.a(__watchdog_support.o)
                0x0000000000004000                __watchdog_support
 *(.init2)
 .init2         0x000000000000400c        0x4 /usr/lib/gcc/msp430/4.6.3/mmpy-16/libcrt0.a(__init_stack.o)
                0x000000000000400c                __init_stack
 *(.init3)
 .init3         0x0000000000004010        0x0 /usr/lib/gcc/msp430/4.6.3/mmpy-16/libcrt0.a(__low_level_init.o)
                0x0000000000004010                __low_level_init
 *(.init4)
 .init4         0x0000000000004010       0x18 /usr/lib/gcc/msp430/4.6.3/mmpy-16/libcrt0.a(_copy_data.o)
                0x0000000000004010                __do_copy_data
 .init4         0x0000000000004028       0x16 /usr/lib/gcc/msp430/4.6.3/mmpy-16/libcrt0.a(_clear_bss.o)
                0x0000000000004028                __do_clear_bss
 *(.init5)
 *(.init6)
 *(.init7)
 *(.init8)
 *(.init9)
 .init9         0x000000000000403e      0x2d0 obj_sky/contiki-sky-main.o
                0x000000000000403e                main
 *(.fini9)
 .fini9         0x000000000000430e        0x0 /usr/lib/gcc/msp430/4.6.3/mmpy-16/libcrt0.a(__stop_progExec__.o)
                0x000000000000430e                __stop_progExec__
 *(.fini8)
 *(.fini7)
 *(.fini6)
 *(.fini5)
 *(.fini4)
 *(.fini3)
 *(.fini2)
 *(.fini1)
 *(.fini0)
 .fini0         0x000000000000430e        0x6 /usr/lib/gcc/msp430/4.6.3/mmpy-16/libcrt0.a(_endless_loop__.o)
                0x000000000000430e                _endless_loop__
 *(.fini .fini.*)
                0x0000000000004314                . = ALIGN (0x2)
                0x0000000000004314                __ctors_start = .
 *(.ctors)
                0x0000000000004314                __ctors_end = .
                0x0000000000004314                __dtors_start = .
 *(.dtors)
                0x0000000000004314                __dtors_end = .
                0x0000000000004314                . = ALIGN (0x2)
 *(.text .text.* .gnu.linkonce.t.*)
 .text          0x0000000000004314        0x4 /usr/lib/gcc/msp430/4.6.3/mmpy-16/crt0ivtbl16.o
                0x0000000000004314                __isr_14
                0x0000000000004314                __isr_11
                0x0000000000004314                __isr_2
                0x0000000000004314                __isr_7
                0x0000000000004314                __isr_0
                0x0000000000004314                __isr_8
                0x0000000000004314                __isr_3
                0x0000000000004314                __isr_12
                0x0000000000004314                __isr_13
                0x0000000000004314                __isr_9
 .text.process_thread_sdn_core_process
                0x0000000000004318      0x19a controller-node.co
 .text.sdn_receive
                0x00000000000044b2      0x164 controller-node.co
                0x00000000000044b2                sdn_receive
 .text.start_network_layer
                0x0000000000004616        0xa obj_sky/contiki-sky-main.o
 .text.print_packet
                0x0000000000004620        0x2 contiki-sky.a(sdn-debug.o)
                0x0000000000004620                print_packet
 .text.sdnaddr_copy
                0x0000000000004622        0xc contiki-sky.a(sdn-addr.o)
                0x0000000000004622                sdnaddr_copy
 .text.sdnaddr_cmp
                0x000000000000462e        0xe contiki-sky.a(sdn-addr.o)
                0x000000000000462e                sdnaddr_cmp
 .text.sdnaddr_print
                0x000000000000463c       0x38 contiki-sky.a(sdn-addr.o)
                0x000000000000463c                sdnaddr_print
 .text.flowid_cmp
                0x0000000000004674        0xe contiki-sky.a(sdn-addr.o)
                0x0000000000004674                flowid_cmp
 .text.flowid_print
                0x0000000000004682        0xe contiki-sky.a(sdn-addr.o)
                0x0000000000004682                flowid_print
 .text.nd_input
                0x0000000000004690        0x2 contiki-sky.a(collect-nd.o)
                0x0000000000004690                nd_input
 .text.neighbors_init
                0x0000000000004692       0x46 contiki-sky.a(collect-nd.o)
                0x0000000000004692                neighbors_init
 .text.sdn_neighbors_table_act
                0x00000000000046d8       0x28 contiki-sky.a(collect-nd.o)
                0x00000000000046d8                sdn_neighbors_table_act
 .text.process_thread_neighbors_discovery
                0x0000000000004700       0x7e contiki-sky.a(collect-nd.o)
 .text.collect_pointer
                0x000000000000477e        0x6 contiki-sky.a(collect-nd.o)
                0x000000000000477e                collect_pointer
 .text.send_packet
                0x0000000000004784       0x3a contiki-sky.a(collectsdn.o)
 .text.enqueue_dummy_packet
                0x00000000000047be       0x88 contiki-sky.a(collectsdn.o)
 .text.send_ack
                0x0000000000004846       0x78 contiki-sky.a(collectsdn.o)
 .text.send_queued_packet
                0x00000000000048be       0xc8 contiki-sky.a(collectsdn.o)
 .text.send_next_packet
                0x0000000000004986       0x2c contiki-sky.a(collectsdn.o)
 .text.update_rtmetric
                0x00000000000049b2      0x106 contiki-sky.a(collectsdn.o)
 .text.received_announcement
                0x0000000000004ab8       0xba contiki-sky.a(collectsdn.o)
 .text.set_keepalive_timer
                0x0000000000004b72       0x5e contiki-sky.a(collectsdn.o)
 .text.timedout
                0x0000000000004bd0       0x38 contiki-sky.a(collectsdn.o)
 .text.retransmit_callback
                0x0000000000004c08       0xcc contiki-sky.a(collectsdn.o)
 .text.retransmit_not_sent_callback
                0x0000000000004cd4        0xc contiki-sky.a(collectsdn.o)
 .text.node_packet_sent
                0x0000000000004ce0       0x58 contiki-sky.a(collectsdn.o)
 .text.send_keepalive
                0x0000000000004d38       0x32 contiki-sky.a(collectsdn.o)
 .text.add_packet_to_recent_packets.part.6
                0x0000000000004d6a       0x4c contiki-sky.a(collectsdn.o)
 .text.node_packet_received
                0x0000000000004db6      0x2f8 contiki-sky.a(collectsdn.o)
 .text.proactive_probing_callback
                0x00000000000050ae       0xe8 contiki-sky.a(collectsdn.o)
 .text.collect_sdn_open
                0x0000000000005196       0xec contiki-sky.a(collectsdn.o)
                0x0000000000005196                collect_sdn_open
 .text.collect_sdn_set_sink
                0x0000000000005282       0x68 contiki-sky.a(collectsdn.o)
                0x0000000000005282                collect_sdn_set_sink
 .text.collect_sdn_parent
                0x00000000000052ea        0x6 contiki-sky.a(collectsdn.o)
                0x00000000000052ea                collect_sdn_parent
 .text.sdn_neighbor_table_init
                0x00000000000052f0        0xc contiki-sky.a(sdn-neighbor-ta)
                0x00000000000052f0                sdn_neighbor_table_init
 .text.sdn_neighbor_table_get
                0x00000000000052fc       0x34 contiki-sky.a(sdn-neighbor-ta)
                0x00000000000052fc                sdn_neighbor_table_get
 .text.sdn_neighbor_table_insert
                0x0000000000005330       0x4a contiki-sky.a(sdn-neighbor-ta)
                0x0000000000005330                sdn_neighbor_table_insert
 .text.sdn_neighbor_table_count
                0x000000000000537a       0x1e contiki-sky.a(sdn-neighbor-ta)
                0x000000000000537a                sdn_neighbor_table_count
 .text.sdn_neighbor_table_head
                0x0000000000005398        0xa contiki-sky.a(sdn-neighbor-ta)
                0x0000000000005398                sdn_neighbor_table_head
 .text.sdn_neighbor_table_next
                0x00000000000053a2        0xa contiki-sky.a(sdn-neighbor-ta)
                0x00000000000053a2                sdn_neighbor_table_next
 .text.sdn_neighbor_table_print
                0x00000000000053ac       0x46 contiki-sky.a(sdn-neighbor-ta)
                0x00000000000053ac                sdn_neighbor_table_print
 .text.sdn_send_neighbor_report
                0x00000000000053f2       0xf0 contiki-sky.a(sdn-send-packet)
                0x00000000000053f2                sdn_send_neighbor_report
 .text.sdn_packetbuf_pool_get
                0x00000000000054e2        0xa contiki-sky.a(sdn-packetbuf.o)
                0x00000000000054e2                sdn_packetbuf_pool_get
 .text.sdn_packetbuf_pool_put
                0x00000000000054ec        0xc contiki-sky.a(sdn-packetbuf.o)
                0x00000000000054ec                sdn_packetbuf_pool_put
 .text.byteReceived
                0x00000000000054f8       0xa4 contiki-sky.a(sdn-serial.o)
 .text.sdn_serial_init
                0x000000000000559c       0x36 contiki-sky.a(sdn-serial.o)
                0x000000000000559c                sdn_serial_init
 .text.sendchar
                0x00000000000055d2        0xe contiki-sky.a(sdn-serial.o)
                0x00000000000055d2                sendchar
 .text.frameDecode
                0x00000000000055e0       0x48 contiki-sky.a(sdn-serial.o)
                0x00000000000055e0                frameDecode
 .text.sdn_serial_send
                0x0000000000005628        0xe contiki-sky.a(sdn-serial.o)
                0x0000000000005628                sdn_serial_send
 .text.process_thread_serial_sembei_process
                0x0000000000005636       0xa8 contiki-sky.a(sdn-serial.o)
 .text.sdn_serial_send_ack
                0x00000000000056de       0x26 contiki-sky.a(sdn-serial.o)
                0x00000000000056de                sdn_serial_send_ack
 .text.sdn_serial_send_nack
                0x0000000000005704       0x24 contiki-sky.a(sdn-serial.o)
                0x0000000000005704                sdn_serial_send_nack
 .text.process_thread_sdn_send_process
                0x0000000000005728       0x8c contiki-sky.a(sdn-send.o)
 .text.sdn_send_down_once
                0x00000000000057b4       0x16 contiki-sky.a(sdn-send.o)
                0x00000000000057b4                sdn_send_down_once
 .text.trickle_time_callback
                0x00000000000057ca        0xa contiki-sky.a(sdn-send.o)
                0x00000000000057ca                trickle_time_callback
 .text.trickle_time_reset
                0x00000000000057d4       0x1e contiki-sky.a(sdn-send.o)
                0x00000000000057d4                trickle_time_reset
 .text.sdn_send_init
                0x00000000000057f2       0x1c contiki-sky.a(sdn-send.o)
                0x00000000000057f2                sdn_send_init
 .text.trickle_time_active
                0x000000000000580e       0x82 contiki-sky.a(sdn-send.o)
                0x000000000000580e                trickle_time_active
 .text.sdn_send_done
                0x0000000000005890       0xc6 contiki-sky.a(sdn-send.o)
                0x0000000000005890                sdn_send_done
 .text.sdn_send_queue_init
                0x0000000000005956       0x2a contiki-sky.a(sdn-queue.o)
                0x0000000000005956                sdn_send_queue_init
 .text.sdn_send_queue_empty
                0x0000000000005980        0xc contiki-sky.a(sdn-queue.o)
                0x0000000000005980                sdn_send_queue_empty
 .text.sdn_send_queue_head
                0x000000000000598c       0x12 contiki-sky.a(sdn-queue.o)
                0x000000000000598c                sdn_send_queue_head
 .text.sdn_send_queue_tail
                0x000000000000599e       0x2e contiki-sky.a(sdn-queue.o)
                0x000000000000599e                sdn_send_queue_tail
 .text.sdn_send_queue_print
                0x00000000000059cc       0x52 contiki-sky.a(sdn-queue.o)
                0x00000000000059cc                sdn_send_queue_print
 .text.sdn_send_queue_enqueue
                0x0000000000005a1e       0x54 contiki-sky.a(sdn-queue.o)
                0x0000000000005a1e                sdn_send_queue_enqueue
 .text.sdn_send_queue_dequeue
                0x0000000000005a72       0x3a contiki-sky.a(sdn-queue.o)
                0x0000000000005a72                sdn_send_queue_dequeue
 .text.sdn_seqno_is_duplicate
                0x0000000000005aac       0x46 contiki-sky.a(sdn-receive.o)
                0x0000000000005aac                sdn_seqno_is_duplicate
 .text.sdn_seqno_register
                0x0000000000005af2       0x70 contiki-sky.a(sdn-receive.o)
                0x0000000000005af2                sdn_seqno_register
 .text.process_thread_null_cd_process
                0x0000000000005b62        0xa contiki-sky.a(null-cd.o)
 .text.null_cd_get
                0x0000000000005b6c        0x2 contiki-sky.a(null-cd.o)
                0x0000000000005b6c                null_cd_get
 .text.null_cd_input
                0x0000000000005b6e        0x2 contiki-sky.a(null-cd.o)
                0x0000000000005b6e                null_cd_input
 .text.null_cd_init
                0x0000000000005b70        0xc contiki-sky.a(null-cd.o)
                0x0000000000005b70                null_cd_init
 .text.cd_input
                0x0000000000005b7c        0x2 contiki-sky.a(collect-cd.o)
                0x0000000000005b7c                cd_input
 .text.collect_cd_get
                0x0000000000005b7e       0x10 contiki-sky.a(collect-cd.o)
                0x0000000000005b7e                collect_cd_get
 .text.collect_cd_init
                0x0000000000005b8e       0x34 contiki-sky.a(collect-cd.o)
                0x0000000000005b8e                collect_cd_init
 .text.print_parent
                0x0000000000005bc2       0x1a contiki-sky.a(collect-cd.o)
                0x0000000000005bc2                print_parent
 .text.collect_cd_act
                0x0000000000005bdc       0x3c contiki-sky.a(collect-cd.o)
                0x0000000000005bdc                collect_cd_act
 .text.process_thread_controller_discovery
                0x0000000000005c18       0x42 contiki-sky.a(collect-cd.o)
 .text.init     0x0000000000005c5a       0x1c contiki-sky.a(protocol-commut)
 .text.on_frame_created
                0x0000000000005c76        0x4 contiki-sky.a(protocol-commut)
 .text.get_overhead
                0x0000000000005c7a        0x4 contiki-sky.a(protocol-commut)
 .text.input    0x0000000000005c7e       0x1a contiki-sky.a(protocol-commut)
 .text.send     0x0000000000005c98       0x58 contiki-sky.a(protocol-commut)
 .text.llsec_sent
                0x0000000000005cf0       0x32 contiki-sky.a(protocol-commut)
 .text.process_thread_powertrace_process
                0x0000000000005d22       0x58 contiki-sky.a(powertrace.o)
 .text.sniffprint
                0x0000000000005d7a       0x72 contiki-sky.a(powertrace.o)
 .text.output_printsniffer
                0x0000000000005dec       0x16 contiki-sky.a(powertrace.o)
 .text.add_stats
                0x0000000000005e02       0x54 contiki-sky.a(powertrace.o)
 .text.add_packet_stats
                0x0000000000005e56       0x5e contiki-sky.a(powertrace.o)
 .text.output_sniffer
                0x0000000000005eb4        0x8 contiki-sky.a(powertrace.o)
 .text.input_sniffer
                0x0000000000005ebc        0x8 contiki-sky.a(powertrace.o)
 .text.input_printsniffer
                0x0000000000005ec4       0x70 contiki-sky.a(powertrace.o)
 .text.powertrace_print
                0x0000000000005f34      0x566 contiki-sky.a(powertrace.o)
                0x0000000000005f34                powertrace_print
 .text.powertrace_start
                0x000000000000649a      0x17c contiki-sky.a(powertrace.o)
                0x000000000000649a                powertrace_start
 .text.kinetic_model
                0x0000000000006616      0x2f2 contiki-sky.a(powertrace.o)
                0x0000000000006616                kinetic_model
 .text.update_battery
                0x0000000000006908      0x290 contiki-sky.a(powertrace.o)
                0x0000000000006908                update_battery
 .text.init_platform
                0x0000000000006b98        0xc contiki-sky.a(contiki-sky-pla)
                0x0000000000006b98                init_platform
 .text.status   0x0000000000006ba4       0x16 contiki-sky.a(button-sensor.o)
 .text.configure
                0x0000000000006bba       0x52 contiki-sky.a(button-sensor.o)
 .text.value    0x0000000000006c0c       0x22 contiki-sky.a(button-sensor.o)
 .text.irq_p2   0x0000000000006c2e       0x8a contiki-sky.a(button-sensor.o)
                0x0000000000006c2e                irq_p2
                0x0000000000006c2e                __isr_1
 .text.owreadb  0x0000000000006cb8       0x52 contiki-sky.a(ds2411.o)
 .text.ds2411_init
                0x0000000000006d0a      0x122 contiki-sky.a(ds2411.o)
                0x0000000000006d0a                ds2411_init
 .text.wait_ready
                0x0000000000006e2c       0x50 contiki-sky.a(xmem.o)
 .text.xmem_init
                0x0000000000006e7c       0x3e contiki-sky.a(xmem.o)
                0x0000000000006e7c                xmem_init
 .text.xmem_pread
                0x0000000000006eba       0xea contiki-sky.a(xmem.o)
                0x0000000000006eba                xmem_pread
 .text.node_id_restore
                0x0000000000006fa4       0x38 contiki-sky.a(node-id.o)
                0x0000000000006fa4                node_id_restore
 .text.process_thread_sensors_process
                0x0000000000006fdc       0xbe contiki-sky.a(sensors.o)
 .text.sensors_changed
                0x000000000000709a       0x2a contiki-sky.a(sensors.o)
                0x000000000000709a                sensors_changed
 .text.get_object
                0x00000000000070c4        0x4 contiki-sky.a(cc2420.o)
 .text.set_object
                0x00000000000070c8        0x4 contiki-sky.a(cc2420.o)
 .text.strobe   0x00000000000070cc       0x20 contiki-sky.a(cc2420.o)
 .text.getreg   0x00000000000070ec       0x54 contiki-sky.a(cc2420.o)
 .text.setreg   0x0000000000007140       0x52 contiki-sky.a(cc2420.o)
 .text.write_ram
                0x0000000000007192       0x80 contiki-sky.a(cc2420.o)
 .text.write_fifo_buf
                0x0000000000007212       0x40 contiki-sky.a(cc2420.o)
 .text.get_status
                0x0000000000007252       0x24 contiki-sky.a(cc2420.o)
 .text.set_txpower
                0x0000000000007276       0x26 contiki-sky.a(cc2420.o)
 .text.cc2420_receiving_packet
                0x000000000000729c        0xe contiki-sky.a(cc2420.o)
 .text.pending_packet
                0x00000000000072aa        0x8 contiki-sky.a(cc2420.o)
 .text.on       0x00000000000072b2       0x1e contiki-sky.a(cc2420.o)
 .text.wait_for_transmission
                0x00000000000072d0       0x22 contiki-sky.a(cc2420.o)
 .text.wait_for_status
                0x00000000000072f2       0x2a contiki-sky.a(cc2420.o)
 .text.getrxdata
                0x000000000000731c       0x56 contiki-sky.a(cc2420.o)
 .text.flushrx  0x0000000000007372       0x1a contiki-sky.a(cc2420.o)
 .text.off      0x000000000000738c       0x5a contiki-sky.a(cc2420.o)
 .text.RELEASE_LOCK
                0x00000000000073e6       0x28 contiki-sky.a(cc2420.o)
 .text.set_key  0x000000000000740e       0x18 contiki-sky.a(cc2420.o)
 .text.cc2420_prepare
                0x0000000000007426       0x3c contiki-sky.a(cc2420.o)
 .text.cc2420_on
                0x0000000000007462       0x22 contiki-sky.a(cc2420.o)
                0x0000000000007462                cc2420_on
 .text.cc2420_off
                0x0000000000007484       0x30 contiki-sky.a(cc2420.o)
                0x0000000000007484                cc2420_off
 .text.cc2420_cca
                0x00000000000074b4       0x5e contiki-sky.a(cc2420.o)
 .text.cc2420_read
                0x0000000000007512       0xb0 contiki-sky.a(cc2420.o)
 .text.process_thread_cc2420_process
                0x00000000000075c2       0x50 contiki-sky.a(cc2420.o)
 .text.encrypt  0x0000000000007612       0x8e contiki-sky.a(cc2420.o)
 .text.cc2420_set_channel
                0x00000000000076a0       0x3c contiki-sky.a(cc2420.o)
                0x00000000000076a0                cc2420_set_channel
 .text.cc2420_set_pan_addr
                0x00000000000076dc       0x4c contiki-sky.a(cc2420.o)
                0x00000000000076dc                cc2420_set_pan_addr
 .text.cc2420_interrupt
                0x0000000000007728       0x18 contiki-sky.a(cc2420.o)
                0x0000000000007728                cc2420_interrupt
 .text.cc2420_set_txpower
                0x0000000000007740        0xe contiki-sky.a(cc2420.o)
                0x0000000000007740                cc2420_set_txpower
 .text.cc2420_get_txpower
                0x000000000000774e       0x1e contiki-sky.a(cc2420.o)
                0x000000000000774e                cc2420_get_txpower
 .text.cc2420_transmit
                0x000000000000776c      0x12a contiki-sky.a(cc2420.o)
 .text.cc2420_send
                0x0000000000007896       0x12 contiki-sky.a(cc2420.o)
 .text.cc2420_rssi
                0x00000000000078a8       0x4c contiki-sky.a(cc2420.o)
                0x00000000000078a8                cc2420_rssi
 .text.get_value
                0x00000000000078f4       0xac contiki-sky.a(cc2420.o)
 .text.cc2420_set_cca_threshold
                0x00000000000079a0       0x16 contiki-sky.a(cc2420.o)
                0x00000000000079a0                cc2420_set_cca_threshold
 .text.set_value
                0x00000000000079b6       0x8a contiki-sky.a(cc2420.o)
 .text.cc2420_init
                0x0000000000007a40       0xde contiki-sky.a(cc2420.o)
                0x0000000000007a40                cc2420_init
 .text.cc2420_port1_interrupt
                0x0000000000007b1e       0x62 contiki-sky.a(cc2420-arch.o)
                0x0000000000007b1e                __isr_4
                0x0000000000007b1e                cc2420_port1_interrupt
 .text.cc2420_arch_init
                0x0000000000007b80       0x1a contiki-sky.a(cc2420-arch.o)
                0x0000000000007b80                cc2420_arch_init
 .text.handle_rxdma_timer
                0x0000000000007b9a       0x3a contiki-sky.a(uart1.o)
 .text.uart1_active
                0x0000000000007bd4       0x1a contiki-sky.a(uart1.o)
                0x0000000000007bd4                uart1_active
 .text.uart1_set_input
                0x0000000000007bee       0x20 contiki-sky.a(uart1.o)
                0x0000000000007bee                uart1_set_input
 .text.uart1_writeb
                0x0000000000007c0e       0x1a contiki-sky.a(uart1.o)
                0x0000000000007c0e                uart1_writeb
 .text.uart1_init
                0x0000000000007c28       0xf6 contiki-sky.a(uart1.o)
                0x0000000000007c28                uart1_init
 .text.putchar  0x0000000000007d1e       0x10 contiki-sky.a(uart1-putchar.o)
                0x0000000000007d1e                putchar
 .text.msp430_init_dco
                0x0000000000007d2e       0x84 contiki-sky.a(msp430.o)
                0x0000000000007d2e                msp430_init_dco
 .text.msp430_add_lpm_req
                0x0000000000007db2        0xc contiki-sky.a(msp430.o)
                0x0000000000007db2                msp430_add_lpm_req
 .text.msp430_cpu_init
                0x0000000000007dbe       0x2a contiki-sky.a(msp430.o)
                0x0000000000007dbe                msp430_cpu_init
 .text.splhigh_
                0x0000000000007de8        0x8 contiki-sky.a(msp430.o)
                0x0000000000007de8                splhigh_
 .text.msp430_sync_dco
                0x0000000000007df0       0x68 contiki-sky.a(msp430.o)
                0x0000000000007df0                msp430_sync_dco
 .text.timera1  0x0000000000007e58      0x11e contiki-sky.a(clock.o)
                0x0000000000007e58                __isr_5
                0x0000000000007e58                timera1
 .text.clock_time
                0x0000000000007f76       0x1a contiki-sky.a(clock.o)
                0x0000000000007f76                clock_time
 .text.clock_init
                0x0000000000007f90       0x28 contiki-sky.a(clock.o)
                0x0000000000007f90                clock_init
 .text.clock_delay
                0x0000000000007fb8        0xc contiki-sky.a(clock.o)
                0x0000000000007fb8                clock_delay
 .text.show_leds
                0x0000000000007fc4       0xf6 contiki-sky.a(leds.o)
 .text.leds_init
                0x00000000000080ba        0xa contiki-sky.a(leds.o)
                0x00000000000080ba                leds_init
 .text.leds_on  0x00000000000080c4        0xa contiki-sky.a(leds.o)
                0x00000000000080c4                leds_on
 .text.leds_off
                0x00000000000080ce        0xe contiki-sky.a(leds.o)
                0x00000000000080ce                leds_off
 .text.leds_arch_init
                0x00000000000080dc        0xe contiki-sky.a(leds-arch.o)
                0x00000000000080dc                leds_arch_init
 .text.leds_arch_set
                0x00000000000080ea       0x3a contiki-sky.a(leds-arch.o)
                0x00000000000080ea                leds_arch_set
 .text.watchdog_interrupt
                0x0000000000008124        0x6 contiki-sky.a(watchdog.o)
                0x0000000000008124                __isr_10
                0x0000000000008124                watchdog_interrupt
 .text.watchdog_start
                0x000000000000812a       0x14 contiki-sky.a(watchdog.o)
                0x000000000000812a                watchdog_start
 .text.watchdog_periodic
                0x000000000000813e       0x12 contiki-sky.a(watchdog.o)
                0x000000000000813e                watchdog_periodic
 .text.watchdog_stop
                0x0000000000008150       0x16 contiki-sky.a(watchdog.o)
                0x0000000000008150                watchdog_stop
 .text.watchdog_init
                0x0000000000008166       0x14 contiki-sky.a(watchdog.o)
                0x0000000000008166                watchdog_init
 .text.rtimer_arch_init
                0x000000000000817a        0xe contiki-sky.a(rtimer-arch.o)
                0x000000000000817a                rtimer_arch_init
 .text.rtimer_arch_now
                0x0000000000008188        0xe contiki-sky.a(rtimer-arch.o)
                0x0000000000008188                rtimer_arch_now
 .text.timera0  0x0000000000008196       0x70 contiki-sky.a(rtimer-arch.o)
                0x0000000000008196                __isr_6
                0x0000000000008196                timera0
 .text.rtimer_arch_schedule
                0x0000000000008206        0x6 contiki-sky.a(rtimer-arch.o)
                0x0000000000008206                rtimer_arch_schedule
 .text.autostart_start
                0x000000000000820c       0x16 contiki-sky.a(autostart.o)
                0x000000000000820c                autostart_start
 .text.energest_init
                0x0000000000008222       0x28 contiki-sky.a(energest.o)
                0x0000000000008222                energest_init
 .text.energest_type_time
                0x000000000000824a       0x46 contiki-sky.a(energest.o)
                0x000000000000824a                energest_type_time
 .text.energest_type_set
                0x0000000000008290        0xe contiki-sky.a(energest.o)
                0x0000000000008290                energest_type_set
 .text.energest_flush
                0x000000000000829e       0x48 contiki-sky.a(energest.o)
                0x000000000000829e                energest_flush
 .text.process_thread_ctimer_process
                0x00000000000082e6       0xa4 contiki-sky.a(ctimer.o)
 .text.ctimer_init
                0x000000000000838a       0x18 contiki-sky.a(ctimer.o)
                0x000000000000838a                ctimer_init
 .text.ctimer_set
                0x00000000000083a2       0x50 contiki-sky.a(ctimer.o)
                0x00000000000083a2                ctimer_set
 .text.ctimer_reset
                0x00000000000083f2       0x30 contiki-sky.a(ctimer.o)
                0x00000000000083f2                ctimer_reset
 .text.ctimer_stop
                0x0000000000008422       0x28 contiki-sky.a(ctimer.o)
                0x0000000000008422                ctimer_stop
 .text.update_time
                0x000000000000844a       0x78 contiki-sky.a(etimer.o)
 .text.etimer_request_poll
                0x00000000000084c2        0xa contiki-sky.a(etimer.o)
                0x00000000000084c2                etimer_request_poll
 .text.process_thread_etimer_process
                0x00000000000084cc       0xc8 contiki-sky.a(etimer.o)
 .text.add_timer
                0x0000000000008594       0x40 contiki-sky.a(etimer.o)
 .text.etimer_set
                0x00000000000085d4       0x12 contiki-sky.a(etimer.o)
                0x00000000000085d4                etimer_set
 .text.etimer_reset
                0x00000000000085e6       0x12 contiki-sky.a(etimer.o)
                0x00000000000085e6                etimer_reset
 .text.etimer_expired
                0x00000000000085f8        0xe contiki-sky.a(etimer.o)
                0x00000000000085f8                etimer_expired
 .text.etimer_pending
                0x0000000000008606        0xc contiki-sky.a(etimer.o)
                0x0000000000008606                etimer_pending
 .text.etimer_next_expiration_time
                0x0000000000008612       0x16 contiki-sky.a(etimer.o)
                0x0000000000008612                etimer_next_expiration_time
 .text.etimer_stop
                0x0000000000008628       0x3c contiki-sky.a(etimer.o)
                0x0000000000008628                etimer_stop
 .text.call_process
                0x0000000000008664       0x48 contiki-sky.a(process.o)
 .text.exit_process
                0x00000000000086ac       0x94 contiki-sky.a(process.o)
 .text.do_poll  0x0000000000008740       0x30 contiki-sky.a(process.o)
 .text.process_alloc_event
                0x0000000000008770        0xe contiki-sky.a(process.o)
                0x0000000000008770                process_alloc_event
 .text.process_init
                0x000000000000877e       0x1c contiki-sky.a(process.o)
                0x000000000000877e                process_init
 .text.process_run
                0x000000000000879a       0xa2 contiki-sky.a(process.o)
                0x000000000000879a                process_run
 .text.process_nevents
                0x000000000000883c        0xe contiki-sky.a(process.o)
                0x000000000000883c                process_nevents
 .text.process_post
                0x000000000000884a       0x54 contiki-sky.a(process.o)
                0x000000000000884a                process_post
 .text.process_post_synch
                0x000000000000889e       0x12 contiki-sky.a(process.o)
                0x000000000000889e                process_post_synch
 .text.process_start
                0x00000000000088b0       0x32 contiki-sky.a(process.o)
                0x00000000000088b0                process_start
 .text.process_poll
                0x00000000000088e2       0x18 contiki-sky.a(process.o)
                0x00000000000088e2                process_poll
 .text.rtimer_init
                0x00000000000088fa        0x6 contiki-sky.a(rtimer.o)
                0x00000000000088fa                rtimer_init
 .text.rtimer_run_next
                0x0000000000008900       0x26 contiki-sky.a(rtimer.o)
                0x0000000000008900                rtimer_run_next
 .text.timer_set
                0x0000000000008926       0x1c contiki-sky.a(timer.o)
                0x0000000000008926                timer_set
 .text.timer_reset
                0x0000000000008942        0xe contiki-sky.a(timer.o)
                0x0000000000008942                timer_reset
 .text.timer_expired
                0x0000000000008950       0x2a contiki-sky.a(timer.o)
                0x0000000000008950                timer_expired
 .text.process_thread_serial_line_process
                0x000000000000897a       0x9c contiki-sky.a(serial-line.o)
 .text.serial_line_input_byte
                0x0000000000008a16       0x4a contiki-sky.a(serial-line.o)
                0x0000000000008a16                serial_line_input_byte
 .text.serial_line_init
                0x0000000000008a60       0x1c contiki-sky.a(serial-line.o)
                0x0000000000008a60                serial_line_init
 .text.list_init
                0x0000000000008a7c        0x6 contiki-sky.a(list.o)
                0x0000000000008a7c                list_init
 .text.list_head
                0x0000000000008a82        0x4 contiki-sky.a(list.o)
                0x0000000000008a82                list_head
 .text.list_tail
                0x0000000000008a86       0x12 contiki-sky.a(list.o)
                0x0000000000008a86                list_tail
 .text.list_remove
                0x0000000000008a98       0x34 contiki-sky.a(list.o)
                0x0000000000008a98                list_remove
 .text.list_push
                0x0000000000008acc       0x1a contiki-sky.a(list.o)
                0x0000000000008acc                list_push
 .text.list_add
                0x0000000000008ae6       0x2a contiki-sky.a(list.o)
                0x0000000000008ae6                list_add
 .text.list_length
                0x0000000000008b10       0x10 contiki-sky.a(list.o)
                0x0000000000008b10                list_length
 .text.list_item_next
                0x0000000000008b20        0xc contiki-sky.a(list.o)
                0x0000000000008b20                list_item_next
 .text.memb_init
                0x0000000000008b2c       0x36 contiki-sky.a(memb.o)
                0x0000000000008b2c                memb_init
 .text.memb_alloc
                0x0000000000008b62       0x3e contiki-sky.a(memb.o)
                0x0000000000008b62                memb_alloc
 .text.memb_free
                0x0000000000008ba0       0x3a contiki-sky.a(memb.o)
                0x0000000000008ba0                memb_free
 .text.memb_inmemb
                0x0000000000008bda       0x2e contiki-sky.a(memb.o)
                0x0000000000008bda                memb_inmemb
 .text.random_init
                0x0000000000008c08        0x6 contiki-sky.a(random.o)
                0x0000000000008c08                random_init
 .text.random_rand
                0x0000000000008c0e        0x6 contiki-sky.a(random.o)
                0x0000000000008c0e                random_rand
 .text.ringbuf_init
                0x0000000000008c14       0x14 contiki-sky.a(ringbuf.o)
                0x0000000000008c14                ringbuf_init
 .text.ringbuf_put
                0x0000000000008c28       0x38 contiki-sky.a(ringbuf.o)
                0x0000000000008c28                ringbuf_put
 .text.ringbuf_get
                0x0000000000008c60       0x32 contiki-sky.a(ringbuf.o)
                0x0000000000008c60                ringbuf_get
 .text.channel_init
                0x0000000000008c92        0xa contiki-sky.a(channel.o)
                0x0000000000008c92                channel_init
 .text.channel_open
                0x0000000000008c9c       0x10 contiki-sky.a(channel.o)
                0x0000000000008c9c                channel_open
 .text.channel_lookup
                0x0000000000008cac       0x20 contiki-sky.a(channel.o)
                0x0000000000008cac                channel_lookup
 .text.channel_set_attributes
                0x0000000000008ccc       0x24 contiki-sky.a(channel.o)
                0x0000000000008ccc                channel_set_attributes
 .text.remove_queued_packet
                0x0000000000008cf0       0x36 contiki-sky.a(packetqueue.o)
 .text.packetqueue_enqueue_packetbuf
                0x0000000000008d26       0x7a contiki-sky.a(packetqueue.o)
                0x0000000000008d26                packetqueue_enqueue_packetbuf
 .text.packetqueue_first
                0x0000000000008da0        0xa contiki-sky.a(packetqueue.o)
                0x0000000000008da0                packetqueue_first
 .text.packetqueue_dequeue
                0x0000000000008daa       0x40 contiki-sky.a(packetqueue.o)
                0x0000000000008daa                packetqueue_dequeue
 .text.packetqueue_len
                0x0000000000008dea        0xa contiki-sky.a(packetqueue.o)
                0x0000000000008dea                packetqueue_len
 .text.packetqueue_queuebuf
                0x0000000000008df4        0xe contiki-sky.a(packetqueue.o)
                0x0000000000008df4                packetqueue_queuebuf
 .text.chameleon_init
                0x0000000000008e02        0x6 contiki-sky.a(chameleon.o)
                0x0000000000008e02                chameleon_init
 .text.chameleon_parse
                0x0000000000008e08       0x10 contiki-sky.a(chameleon.o)
                0x0000000000008e08                chameleon_parse
 .text.chameleon_create
                0x0000000000008e18       0x1c contiki-sky.a(chameleon.o)
                0x0000000000008e18                chameleon_create
 .text.chameleon_hdrsize
                0x0000000000008e34        0x6 contiki-sky.a(chameleon.o)
                0x0000000000008e34                chameleon_hdrsize
 .text.periodic
                0x0000000000008e3a       0x8e contiki-sky.a(collect-neighbo)
 .text.collect_neighbor_init
                0x0000000000008ec8       0x14 contiki-sky.a(collect-neighbo)
                0x0000000000008ec8                collect_neighbor_init
 .text.collect_neighbor_list_new
                0x0000000000008edc       0x32 contiki-sky.a(collect-neighbo)
                0x0000000000008edc                collect_neighbor_list_new
 .text.collect_neighbor_list_find
                0x0000000000008f0e       0x3a contiki-sky.a(collect-neighbo)
                0x0000000000008f0e                collect_neighbor_list_find
 .text.collect_neighbor_list_add
                0x0000000000008f48       0xaa contiki-sky.a(collect-neighbo)
                0x0000000000008f48                collect_neighbor_list_add
 .text.collect_neighbor_list
                0x0000000000008ff2        0xe contiki-sky.a(collect-neighbo)
                0x0000000000008ff2                collect_neighbor_list
 .text.collect_neighbor_update_rtmetric
                0x0000000000009000        0xe contiki-sky.a(collect-neighbo)
                0x0000000000009000                collect_neighbor_update_rtmetric
 .text.collect_neighbor_tx_fail
                0x000000000000900e       0x1e contiki-sky.a(collect-neighbo)
                0x000000000000900e                collect_neighbor_tx_fail
 .text.collect_neighbor_tx
                0x000000000000902c       0x1e contiki-sky.a(collect-neighbo)
                0x000000000000902c                collect_neighbor_tx
 .text.collect_neighbor_rtmetric_link_estimate
                0x000000000000904a       0x1c contiki-sky.a(collect-neighbo)
                0x000000000000904a                collect_neighbor_rtmetric_link_estimate
 .text.collect_neighbor_list_best
                0x0000000000009066       0x4a contiki-sky.a(collect-neighbo)
                0x0000000000009066                collect_neighbor_list_best
 .text.collect_neighbor_rtmetric
                0x00000000000090b0        0xe contiki-sky.a(collect-neighbo)
                0x00000000000090b0                collect_neighbor_rtmetric
 .text.collect_neighbor_set_congested
                0x00000000000090be       0x14 contiki-sky.a(collect-neighbo)
                0x00000000000090be                collect_neighbor_set_congested
 .text.input    0x00000000000090d2       0x3a contiki-sky.a(rime.o)
 .text.init     0x000000000000910c       0x2e contiki-sky.a(rime.o)
 .text.packet_sent
                0x000000000000913a       0x44 contiki-sky.a(rime.o)
 .text.rime_output
                0x000000000000917e       0x24 contiki-sky.a(rime.o)
                0x000000000000917e                rime_output
 .text.sent_by_broadcast
                0x00000000000091a2       0x10 contiki-sky.a(unicast.o)
 .text.recv_from_broadcast
                0x00000000000091b2       0x2e contiki-sky.a(unicast.o)
 .text.unicast_open
                0x00000000000091e0       0x2a contiki-sky.a(unicast.o)
                0x00000000000091e0                unicast_open
 .text.unicast_send
                0x000000000000920a       0x16 contiki-sky.a(unicast.o)
                0x000000000000920a                unicast_send
 .text.collect_link_estimate_new
                0x0000000000009220       0x12 contiki-sky.a(collect-link-es)
                0x0000000000009220                collect_link_estimate_new
 .text.collect_link_estimate_update_tx
                0x0000000000009232       0x9e contiki-sky.a(collect-link-es)
                0x0000000000009232                collect_link_estimate_update_tx
 .text.collect_link_estimate_update_tx_fail
                0x00000000000092d0        0xc contiki-sky.a(collect-link-es)
                0x00000000000092d0                collect_link_estimate_update_tx_fail
 .text.collect_link_estimate
                0x00000000000092dc       0x18 contiki-sky.a(collect-link-es)
                0x00000000000092dc                collect_link_estimate
 .text.collect_link_estimate_num_estimates
                0x00000000000092f4        0xe contiki-sky.a(collect-link-es)
                0x00000000000092f4                collect_link_estimate_num_estimates
 .text.announcement_init
                0x0000000000009302        0xa contiki-sky.a(announcement.o)
                0x0000000000009302                announcement_init
 .text.announcement_register
                0x000000000000930c       0x3e contiki-sky.a(announcement.o)
                0x000000000000930c                announcement_register
 .text.announcement_set_value
                0x000000000000934a       0x28 contiki-sky.a(announcement.o)
                0x000000000000934a                announcement_set_value
 .text.announcement_bump
                0x0000000000009372       0x22 contiki-sky.a(announcement.o)
                0x0000000000009372                announcement_bump
 .text.announcement_register_observer_callback
                0x0000000000009394        0x6 contiki-sky.a(announcement.o)
                0x0000000000009394                announcement_register_observer_callback
 .text.announcement_list
                0x000000000000939a        0xa contiki-sky.a(announcement.o)
                0x000000000000939a                announcement_list
 .text.announcement_heard
                0x00000000000093a4       0x42 contiki-sky.a(announcement.o)
                0x00000000000093a4                announcement_heard
 .text.input_packet
                0x00000000000093e6        0x6 contiki-sky.a(csma.o)
 .text.on       0x00000000000093ec        0x6 contiki-sky.a(csma.o)
 .text.off      0x00000000000093f2        0x6 contiki-sky.a(csma.o)
 .text.channel_check_interval
                0x00000000000093f8       0x10 contiki-sky.a(csma.o)
 .text.transmit_packet_list
                0x0000000000009408       0x24 contiki-sky.a(csma.o)
 .text.send_packet
                0x000000000000942c      0x184 contiki-sky.a(csma.o)
 .text.init     0x00000000000095b0       0x1a contiki-sky.a(csma.o)
 .text.free_packet
                0x00000000000095ca       0x98 contiki-sky.a(csma.o)
 .text.packet_sent
                0x0000000000009662      0x12e contiki-sky.a(csma.o)
 .text.mac_call_sent_callback
                0x0000000000009790       0x14 contiki-sky.a(mac.o)
                0x0000000000009790                mac_call_sent_callback
 .text.on       0x00000000000097a4        0x6 contiki-sky.a(nullrdc.o)
 .text.channel_check_interval
                0x00000000000097aa        0x4 contiki-sky.a(nullrdc.o)
 .text.init     0x00000000000097ae        0x6 contiki-sky.a(nullrdc.o)
 .text.send_one_packet
                0x00000000000097b4       0x6a contiki-sky.a(nullrdc.o)
 .text.send_list
                0x000000000000981e       0x30 contiki-sky.a(nullrdc.o)
 .text.send_packet
                0x000000000000984e        0x6 contiki-sky.a(nullrdc.o)
 .text.off      0x0000000000009854       0x10 contiki-sky.a(nullrdc.o)
 .text.packet_input
                0x0000000000009864       0x26 contiki-sky.a(nullrdc.o)
 .text.queuebuf_init
                0x000000000000988a       0x12 contiki-sky.a(queuebuf.o)
                0x000000000000988a                queuebuf_init
 .text.queuebuf_new_from_packetbuf
                0x000000000000989c       0x52 contiki-sky.a(queuebuf.o)
                0x000000000000989c                queuebuf_new_from_packetbuf
 .text.queuebuf_update_attr_from_packetbuf
                0x00000000000098ee       0x12 contiki-sky.a(queuebuf.o)
                0x00000000000098ee                queuebuf_update_attr_from_packetbuf
 .text.queuebuf_free
                0x0000000000009900       0x2a contiki-sky.a(queuebuf.o)
                0x0000000000009900                queuebuf_free
 .text.queuebuf_to_packetbuf
                0x000000000000992a       0x32 contiki-sky.a(queuebuf.o)
                0x000000000000992a                queuebuf_to_packetbuf
 .text.queuebuf_attr
                0x000000000000995c        0xe contiki-sky.a(queuebuf.o)
                0x000000000000995c                queuebuf_attr
 .text.packetbuf_compact
                0x000000000000996a       0x2e contiki-sky.a(packetbuf.o)
                0x000000000000996a                packetbuf_compact
 .text.packetbuf_copyto
                0x0000000000009998       0x52 contiki-sky.a(packetbuf.o)
                0x0000000000009998                packetbuf_copyto
 .text.packetbuf_hdrreduce
                0x00000000000099ea       0x1a contiki-sky.a(packetbuf.o)
                0x00000000000099ea                packetbuf_hdrreduce
 .text.packetbuf_set_datalen
                0x0000000000009a04        0x6 contiki-sky.a(packetbuf.o)
                0x0000000000009a04                packetbuf_set_datalen
 .text.packetbuf_dataptr
                0x0000000000009a0a        0xe contiki-sky.a(packetbuf.o)
                0x0000000000009a0a                packetbuf_dataptr
 .text.packetbuf_hdrptr
                0x0000000000009a18        0xa contiki-sky.a(packetbuf.o)
                0x0000000000009a18                packetbuf_hdrptr
 .text.packetbuf_datalen
                0x0000000000009a22        0x6 contiki-sky.a(packetbuf.o)
                0x0000000000009a22                packetbuf_datalen
 .text.packetbuf_hdrlen
                0x0000000000009a28       0x10 contiki-sky.a(packetbuf.o)
                0x0000000000009a28                packetbuf_hdrlen
 .text.packetbuf_totlen
                0x0000000000009a38        0xc contiki-sky.a(packetbuf.o)
                0x0000000000009a38                packetbuf_totlen
 .text.packetbuf_hdralloc
                0x0000000000009a44       0x2e contiki-sky.a(packetbuf.o)
                0x0000000000009a44                packetbuf_hdralloc
 .text.packetbuf_attr_clear
                0x0000000000009a72       0x2c contiki-sky.a(packetbuf.o)
                0x0000000000009a72                packetbuf_attr_clear
 .text.packetbuf_clear
                0x0000000000009a9e       0x1a contiki-sky.a(packetbuf.o)
                0x0000000000009a9e                packetbuf_clear
 .text.packetbuf_copyfrom
                0x0000000000009ab8       0x2e contiki-sky.a(packetbuf.o)
                0x0000000000009ab8                packetbuf_copyfrom
 .text.packetbuf_attr_copyto
                0x0000000000009ae6       0x20 contiki-sky.a(packetbuf.o)
                0x0000000000009ae6                packetbuf_attr_copyto
 .text.packetbuf_attr_copyfrom
                0x0000000000009b06       0x22 contiki-sky.a(packetbuf.o)
                0x0000000000009b06                packetbuf_attr_copyfrom
 .text.packetbuf_holds_broadcast
                0x0000000000009b28        0xe contiki-sky.a(packetbuf.o)
                0x0000000000009b28                packetbuf_holds_broadcast
 .text.linkaddr_copy
                0x0000000000009b36        0xc contiki-sky.a(linkaddr.o)
                0x0000000000009b36                linkaddr_copy
 .text.linkaddr_cmp
                0x0000000000009b42       0x12 contiki-sky.a(linkaddr.o)
                0x0000000000009b42                linkaddr_cmp
 .text.linkaddr_set_node_addr
                0x0000000000009b54        0xc contiki-sky.a(linkaddr.o)
                0x0000000000009b54                linkaddr_set_node_addr
 .text.hdr_length
                0x0000000000009b60        0x8 contiki-sky.a(contikimac-fram)
 .text.parse    0x0000000000009b68       0x3e contiki-sky.a(contikimac-fram)
 .text.create   0x0000000000009ba6       0x2a contiki-sky.a(contikimac-fram)
 .text.create_and_secure
                0x0000000000009bd0       0x6a contiki-sky.a(contikimac-fram)
 .text.init     0x0000000000009c3a        0x2 contiki-sky.a(sdn-network.o)
 .text.input    0x0000000000009c3c        0x6 contiki-sky.a(sdn-network.o)
 .text.packet_sent
                0x0000000000009c42        0x6 contiki-sky.a(sdn-network.o)
 .text.sdn_network_send
                0x0000000000009c48       0x4c contiki-sky.a(sdn-network.o)
                0x0000000000009c48                sdn_network_send
 .text.spi_init
                0x0000000000009c94       0x32 contiki-sky.a(spi.o)
                0x0000000000009c94                spi_init
 .text.header_size
                0x0000000000009cc6       0x16 contiki-sky.a(chameleon-bitop)
 .text.get_bits_in_byte
                0x0000000000009cdc       0x3a contiki-sky.a(chameleon-bitop)
                0x0000000000009cdc                get_bits_in_byte
 .text.get_bits
                0x0000000000009d16       0xa4 contiki-sky.a(chameleon-bitop)
                0x0000000000009d16                get_bits
 .text.unpack_header
                0x0000000000009dba       0xd6 contiki-sky.a(chameleon-bitop)
 .text.set_bits_in_byte
                0x0000000000009e90       0x2c contiki-sky.a(chameleon-bitop)
                0x0000000000009e90                set_bits_in_byte
 .text.set_bits
                0x0000000000009ebc       0xd2 contiki-sky.a(chameleon-bitop)
                0x0000000000009ebc                set_bits
 .text.pack_header
                0x0000000000009f8e       0xbc contiki-sky.a(chameleon-bitop)
 .text.adv_packet_sent
                0x000000000000a04a        0x2 contiki-sky.a(broadcast-annou)
 .text.adv_packet_received
                0x000000000000a04c       0x66 contiki-sky.a(broadcast-annou)
 .text.set_timers
                0x000000000000a0b2       0x4a contiki-sky.a(broadcast-annou)
 .text.send_timer
                0x000000000000a0fc       0x36 contiki-sky.a(broadcast-annou)
 .text.new_announcement
                0x000000000000a132       0x18 contiki-sky.a(broadcast-annou)
 .text.send_adv
                0x000000000000a14a       0x66 contiki-sky.a(broadcast-annou)
 .text.broadcast_announcement_init
                0x000000000000a1b0       0x48 contiki-sky.a(broadcast-annou)
                0x000000000000a1b0                broadcast_announcement_init
 .text.abc_open
                0x000000000000a1f8       0x26 contiki-sky.a(abc.o)
                0x000000000000a1f8                abc_open
 .text.abc_send
                0x000000000000a21e        0x6 contiki-sky.a(abc.o)
                0x000000000000a21e                abc_send
 .text.abc_input
                0x000000000000a224        0xe contiki-sky.a(abc.o)
                0x000000000000a224                abc_input
 .text.abc_sent
                0x000000000000a232       0x10 contiki-sky.a(abc.o)
                0x000000000000a232                abc_sent
 .text.sent_by_abc
                0x000000000000a242       0x10 contiki-sky.a(broadcast.o)
 .text.recv_from_abc
                0x000000000000a252       0x26 contiki-sky.a(broadcast.o)
 .text.broadcast_open
                0x000000000000a278       0x2a contiki-sky.a(broadcast.o)
                0x000000000000a278                broadcast_open
 .text.broadcast_send
                0x000000000000a2a2       0x1a contiki-sky.a(broadcast.o)
                0x000000000000a2a2                broadcast_send
 .text.parse    0x000000000000a2bc       0x9e contiki-sky.a(framer-802154.o)
 .text.create_frame.isra.0
                0x000000000000a35a      0x104 contiki-sky.a(framer-802154.o)
 .text.create   0x000000000000a45e        0x8 contiki-sky.a(framer-802154.o)
 .text.hdr_length
                0x000000000000a466        0x8 contiki-sky.a(framer-802154.o)
 .text.field_len
                0x000000000000a46e       0x98 contiki-sky.a(frame802154.o)
 .text.frame802154_hdrlen
                0x000000000000a506       0x2e contiki-sky.a(frame802154.o)
                0x000000000000a506                frame802154_hdrlen
 .text.frame802154_create
                0x000000000000a534      0x146 contiki-sky.a(frame802154.o)
                0x000000000000a534                frame802154_create
 .text.frame802154_parse
                0x000000000000a67a      0x1da contiki-sky.a(frame802154.o)
                0x000000000000a67a                frame802154_parse
 .text.framer_canonical_create_and_secure
                0x000000000000a854       0x20 contiki-sky.a(framer.o)
                0x000000000000a854                framer_canonical_create_and_secure
 .text          0x000000000000a874      0x352 /usr/lib/gcc/msp430/4.6.3/../../../../msp430/lib/mmpy-16/libm.a(ef_exp.o)
                0x000000000000a874                __ieee754_expf
                0x000000000000abc0                expf
 .text.libgcc   0x000000000000abc6       0x2c /usr/lib/gcc/msp430/4.6.3/mmpy-16/libgcc.a(_mulsi3.o)
                0x000000000000abc6                __mulsi3
 .text.libgcc   0x000000000000abf2       0x22 /usr/lib/gcc/msp430/4.6.3/mmpy-16/libgcc.a(_udivmod16.o)
                0x000000000000abf2                __udivhi3
                0x000000000000abf2                __ext_udivmod16
                0x000000000000ac0c                __umodhi3
 .text.libgcc   0x000000000000ac14       0x40 /usr/lib/gcc/msp430/4.6.3/mmpy-16/libgcc.a(_udivmod32.o)
                0x000000000000ac14                __udivsi3
                0x000000000000ac14                __ext_udivmod32
                0x000000000000ac4a                __umodsi3
 .text          0x000000000000ac54       0x42 /usr/lib/gcc/msp430/4.6.3/mmpy-16/libgcc.a(_fixunssfsi.o)
                0x000000000000ac54                __fixunssfsi
 .text          0x000000000000ac96      0x32e /usr/lib/gcc/msp430/4.6.3/mmpy-16/libgcc.a(_addsub_sf.o)
                0x000000000000af28                __addsf3
                0x000000000000af74                __subsf3
 .text          0x000000000000afc4      0x224 /usr/lib/gcc/msp430/4.6.3/mmpy-16/libgcc.a(_mul_sf.o)
                0x000000000000afc4                __mulsf3
 .text          0x000000000000b1e8      0x150 /usr/lib/gcc/msp430/4.6.3/mmpy-16/libgcc.a(_div_sf.o)
                0x000000000000b1e8                __divsf3
 .text          0x000000000000b338       0x50 /usr/lib/gcc/msp430/4.6.3/mmpy-16/libgcc.a(_gt_sf.o)
                0x000000000000b338                __gtsf2
 .text          0x000000000000b388       0x50 /usr/lib/gcc/msp430/4.6.3/mmpy-16/libgcc.a(_ge_sf.o)
                0x000000000000b388                __gesf2
 .text          0x000000000000b3d8       0x50 /usr/lib/gcc/msp430/4.6.3/mmpy-16/libgcc.a(_lt_sf.o)
                0x000000000000b3d8                __ltsf2
 .text          0x000000000000b428       0xa6 /usr/lib/gcc/msp430/4.6.3/mmpy-16/libgcc.a(_si_to_sf.o)
                0x000000000000b428                __floatsisf
 .text          0x000000000000b4ce       0x90 /usr/lib/gcc/msp430/4.6.3/mmpy-16/libgcc.a(_sf_to_si.o)
                0x000000000000b4ce                __fixsfsi
 .text          0x000000000000b55e       0xe2 /usr/lib/gcc/msp430/4.6.3/mmpy-16/libgcc.a(_usi_to_sf.o)
                0x000000000000b55e                __floatunsisf
 .text          0x000000000000b640       0x72 /usr/lib/gcc/msp430/4.6.3/mmpy-16/libgcc.a(_clzsi2.o)
                0x000000000000b640                __clzsi2
 .text          0x000000000000b6b2      0x1de /usr/lib/gcc/msp430/4.6.3/mmpy-16/libgcc.a(_pack_sf.o)
                0x000000000000b6b2                __pack_f
 .text          0x000000000000b890      0x124 /usr/lib/gcc/msp430/4.6.3/mmpy-16/libgcc.a(_unpack_sf.o)
                0x000000000000b890                __unpack_f
 .text          0x000000000000b9b4       0xa4 /usr/lib/gcc/msp430/4.6.3/mmpy-16/libgcc.a(_fpcmp_parts_sf.o)
                0x000000000000b9b4                __fpcmp_parts_f
 .text          0x000000000000ba58       0x20 /usr/lib/gcc/msp430/4.6.3/../../../../msp430/lib/mmpy-16/libc.a(memcmp.o)
                0x000000000000ba58                memcmp
 .text          0x000000000000ba78       0xfa /usr/lib/gcc/msp430/4.6.3/../../../../msp430/lib/mmpy-16/libc.a(memcpy.o)
                0x000000000000ba78                memcpy
 .text          0x000000000000bb72       0x6a /usr/lib/gcc/msp430/4.6.3/../../../../msp430/lib/mmpy-16/libc.a(memset.o)
                0x000000000000bb72                memset
 .text          0x000000000000bbdc       0x1e /usr/lib/gcc/msp430/4.6.3/../../../../msp430/lib/mmpy-16/libc.a(printf.o)
                0x000000000000bbdc                printf
                0x000000000000bbec                vprintf
 .text          0x000000000000bbfa      0x836 /usr/lib/gcc/msp430/4.6.3/../../../../msp430/lib/mmpy-16/libc.a(vuprintf.o)
                0x000000000000bd92                vuprintf
 .text          0x000000000000c430       0x2c /usr/lib/gcc/msp430/4.6.3/../../../../msp430/lib/mmpy-16/libc.a(puts.o)
                0x000000000000c430                puts
 .text          0x000000000000c45c       0x54 /usr/lib/gcc/msp430/4.6.3/../../../../msp430/lib/mmpy-16/libc.a(rand.o)
                0x000000000000c45c                rand_r
                0x000000000000c480                rand
                0x000000000000c4a6                srand
 .text.libgcc   0x000000000000c4b0       0xf0 /usr/lib/gcc/msp430/4.6.3/mmpy-16/libgcc.a(_udivmod64.o)
                0x000000000000c4b0                __xabi_udivmod64
                0x000000000000c50e                __udivdi3
                0x000000000000c534                __umoddi3
                0x000000000000c562                __udivmoddi4
 .text.crt0     0x000000000000c5a0        0x2 /usr/lib/gcc/msp430/4.6.3/mmpy-16/libcrt0.a(_unexpected_.o)
                0x000000000000c5a0                _unexpected_
                0x000000000000c5a2                . = ALIGN (0x2)

.rodata         0x000000000000c5a2      0xa36
                0x000000000000c5a2                . = ALIGN (0x2)
 *(.rodata .rodata.* .gnu.linkonce.r.*)
 .rodata        0x000000000000c5a2       0x98 controller-node.co
                0x000000000000c636                autostart_processes
 .rodata        0x000000000000c63a       0xcc obj_sky/contiki-sky-main.o
 .rodata        0x000000000000c706        0xc contiki-sky.a(sdn-addr.o)
 .rodata        0x000000000000c712       0x4e contiki-sky.a(collect-nd.o)
                0x000000000000c75c                collect_sdn_nd
 .rodata        0x000000000000c760       0x18 contiki-sky.a(collectsdn.o)
 .rodata        0x000000000000c778       0x2a contiki-sky.a(sdn-neighbor-ta)
 .rodata        0x000000000000c7a2       0xeb contiki-sky.a(sdn-send-packet)
 .rodata        0x000000000000c88d       0xa3 contiki-sky.a(sdn-send.o)
 .rodata        0x000000000000c930        0x6 contiki-sky.a(null-cd.o)
                0x000000000000c930                null_sdn_cd
 .rodata        0x000000000000c936       0x40 contiki-sky.a(collect-cd.o)
                0x000000000000c970                collect_sdn_cd
 .rodata        0x000000000000c976       0xb0 contiki-sky.a(protocol-commut)
                0x000000000000ca1a                commutator_protocol_driver
 .rodata        0x000000000000ca26      0x3a7 contiki-sky.a(powertrace.o)
 *fill*         0x000000000000cdcd        0x1 00
 .rodata        0x000000000000cdce       0x10 contiki-sky.a(button-sensor.o)
                0x000000000000cdd6                button_sensor
 .rodata        0x000000000000cdde       0x4c contiki-sky.a(cc2420.o)
                0x000000000000cdfa                cc2420_aes_128_driver
                0x000000000000cdfe                cc2420_driver
 .rodata        0x000000000000ce2a        0xc contiki-sky.a(rime.o)
                0x000000000000ce30                rime_driver
 .rodata        0x000000000000ce36        0xa contiki-sky.a(unicast.o)
 .rodata        0x000000000000ce40       0x14 contiki-sky.a(csma.o)
                0x000000000000ce46                csma_driver
 .rodata        0x000000000000ce54       0x18 contiki-sky.a(nullrdc.o)
                0x000000000000ce5c                nullrdc_driver
 .rodata        0x000000000000ce6c        0x2 contiki-sky.a(linkaddr.o)
                0x000000000000ce6c                linkaddr_null
 .rodata        0x000000000000ce6e        0x8 contiki-sky.a(contikimac-fram)
                0x000000000000ce6e                contikimac_framer
 .rodata        0x000000000000ce76       0x12 contiki-sky.a(sdn-network.o)
                0x000000000000ce82                sdn_network_driver
 .rodata        0x000000000000ce88       0x10 contiki-sky.a(chameleon-bitop)
                0x000000000000ce88                chameleon_bitopt
 .rodata        0x000000000000ce98        0x4 contiki-sky.a(broadcast-annou)
 .rodata        0x000000000000ce9c        0x2 contiki-sky.a(abc.o)
 .rodata        0x000000000000ce9e        0x8 contiki-sky.a(broadcast.o)
 .rodata        0x000000000000cea6        0x8 contiki-sky.a(framer-802154.o)
                0x000000000000cea6                framer_802154
 .rodata        0x000000000000ceae        0x2 contiki-sky.a(frame802154.o)
 .rodata        0x000000000000ceb0       0x18 /usr/lib/gcc/msp430/4.6.3/../../../../msp430/lib/mmpy-16/libm.a(ef_exp.o)
 .rodata        0x000000000000cec8        0x8 /usr/lib/gcc/msp430/4.6.3/mmpy-16/libgcc.a(_thenan_sf.o)
                0x000000000000cec8                __thenan_sf
 .rodata        0x000000000000ced0      0x100 /usr/lib/gcc/msp430/4.6.3/mmpy-16/libgcc.a(_clz.o)
                0x000000000000ced0                __clz_tab
 .rodata        0x000000000000cfd0        0x7 /usr/lib/gcc/msp430/4.6.3/../../../../msp430/lib/mmpy-16/libc.a(vuprintf.o)
                0x000000000000cfd8                . = ALIGN (0x2)
 *fill*         0x000000000000cfd7        0x1 00
                0x000000000000cfd8                _etext = .

.data           0x0000000000001100       0xe2 load address 0x000000000000cfd8
                0x0000000000001100                . = ALIGN (0x2)
                0x0000000000001100                PROVIDE (__data_start, .)
 *(.data .data.* .gnu.linkonce.d.*)
 .data          0x0000000000001100       0x10 controller-node.co
                0x0000000000001100                variation
                0x0000000000001102                fixed_perc_energy
                0x0000000000001106                seconds
                0x0000000000001108                sdn_core_process
 .data          0x0000000000001110        0x8 contiki-sky.a(collect-nd.o)
                0x0000000000001110                neighbors_discovery
 .data          0x0000000000001118        0x8 contiki-sky.a(collectsdn.o)
 .data          0x0000000000001120        0x8 contiki-sky.a(sdn-neighbor-ta)
 .data          0x0000000000001128        0x8 contiki-sky.a(sdn-packetbuf.o)
 .data          0x0000000000001130        0x8 contiki-sky.a(sdn-serial.o)
                0x0000000000001130                serial_sembei_process
 .data          0x0000000000001138        0xc contiki-sky.a(sdn-send.o)
                0x0000000000001138                sdn_send_process
                0x0000000000001140                trickle_time
 .data          0x0000000000001144        0x8 contiki-sky.a(null-cd.o)
                0x0000000000001144                null_cd_process
 .data          0x000000000000114c        0x8 contiki-sky.a(collect-cd.o)
                0x000000000000114c                controller_discovery
 .data          0x0000000000001154       0x2c contiki-sky.a(powertrace.o)
                0x0000000000001154                i_energyStt
                0x0000000000001164                powertrace_process
 .data          0x0000000000001180        0x4 contiki-sky.a(contiki-sky-pla)
                0x0000000000001180                sensors
 .data          0x0000000000001184        0x8 contiki-sky.a(sensors.o)
                0x0000000000001184                sensors_process
 .data          0x000000000000118c        0x8 contiki-sky.a(cc2420.o)
                0x000000000000118c                cc2420_process
 .data          0x0000000000001194        0x2 contiki-sky.a(msp430.o)
 .data          0x0000000000001196        0x8 contiki-sky.a(ctimer.o)
                0x0000000000001196                ctimer_process
 .data          0x000000000000119e        0x8 contiki-sky.a(etimer.o)
                0x000000000000119e                etimer_process
 .data          0x00000000000011a6        0x8 contiki-sky.a(serial-line.o)
                0x00000000000011a6                serial_line_process
 .data          0x00000000000011ae        0x8 contiki-sky.a(collect-neighbo)
 .data          0x00000000000011b6       0x18 contiki-sky.a(csma.o)
 .data          0x00000000000011ce       0x10 contiki-sky.a(queuebuf.o)
 .data          0x00000000000011de        0x4 /usr/lib/gcc/msp430/4.6.3/../../../../msp430/lib/mmpy-16/libc.a(rand.o)
                0x00000000000011e2                . = ALIGN (0x2)
                0x00000000000011e2                _edata = .
                0x000000000000cfd8                PROVIDE (__data_load_start, LOADADDR (.data))
                0x00000000000000e2                PROVIDE (__data_size, SIZEOF (.data))

.bss            0x00000000000011e2     0x2282 load address 0x000000000000d0ba
                0x00000000000011e2                PROVIDE (__bss_start, .)
 *(.bss .bss.*)
 .bss           0x00000000000011e2        0xc obj_sky/contiki-sky-main.o
 .bss           0x00000000000011ee        0x4 contiki-sky.a(sdn-addr.o)
                0x00000000000011ee                sdn_controller_flow
                0x00000000000011f0                sdnaddr_null
 .bss           0x00000000000011f2        0xe contiki-sky.a(collect-nd.o)
 .bss           0x0000000000001200      0x1be contiki-sky.a(collectsdn.o)
 .bss           0x00000000000013be       0x48 contiki-sky.a(sdn-neighbor-ta)
 .bss           0x0000000000001406        0x2 contiki-sky.a(sdn-send-packet)
                0x0000000000001406                sdn_seq_no
 .bss           0x0000000000001408      0x57c contiki-sky.a(sdn-packetbuf.o)
 .bss           0x0000000000001984      0x1ac contiki-sky.a(sdn-serial.o)
                0x0000000000001984                sendchar_function
 .bss           0x0000000000001b30       0x40 contiki-sky.a(sdn-receive.o)
 .bss           0x0000000000001b70        0x6 contiki-sky.a(protocol-commut)
 .bss           0x0000000000001b76      0x308 contiki-sky.a(powertrace.o)
                0x0000000000001b76                periodic_consumption
                0x0000000000001b7a                total_consumption
                0x0000000000001b7e                timer_couter
 .bss           0x0000000000001e7e        0x8 contiki-sky.a(button-sensor.o)
 .bss           0x0000000000001e86        0x2 contiki-sky.a(node-id.o)
                0x0000000000001e86                node_id
 .bss           0x0000000000001e88        0x6 contiki-sky.a(sensors.o)
 .bss           0x0000000000001e8e        0x8 contiki-sky.a(cc2420.o)
 .bss           0x0000000000001e96       0x9a contiki-sky.a(uart1.o)
 .bss           0x0000000000001f30        0xa contiki-sky.a(clock.o)
 .bss           0x0000000000001f3a        0x1 contiki-sky.a(leds.o)
 *fill*         0x0000000000001f3b        0x1 00
 .bss           0x0000000000001f3c        0x2 contiki-sky.a(watchdog.o)
 .bss           0x0000000000001f3e        0x4 contiki-sky.a(ctimer.o)
 .bss           0x0000000000001f42        0x6 contiki-sky.a(etimer.o)
 .bss           0x0000000000001f48       0x42 contiki-sky.a(process.o)
                0x0000000000001f48                process_current
                0x0000000000001f4a                process_list
 .bss           0x0000000000001f8a        0x2 contiki-sky.a(rtimer.o)
 .bss           0x0000000000001f8c      0x10a contiki-sky.a(serial-line.o)
 .bss           0x0000000000002096        0x2 contiki-sky.a(channel.o)
 .bss           0x0000000000002098      0x322 contiki-sky.a(collect-neighbo)
 .bss           0x00000000000023ba        0x2 contiki-sky.a(rime.o)
 .bss           0x00000000000023bc        0x6 contiki-sky.a(announcement.o)
 .bss           0x00000000000023c2      0x128 contiki-sky.a(csma.o)
 .bss           0x00000000000024ea      0xc20 contiki-sky.a(queuebuf.o)
 .bss           0x000000000000310a       0xb8 contiki-sky.a(packetbuf.o)
 .bss           0x00000000000031c2        0x2 contiki-sky.a(sdn-network.o)
 .bss           0x00000000000031c4       0x46 contiki-sky.a(broadcast-annou)
 .bss           0x000000000000320a        0x2 contiki-sky.a(framer-802154.o)
 *(COMMON)
 COMMON         0x000000000000320c        0x2 contiki-sky.a(sdn-addr.o)
                0x000000000000320c                sdn_node_addr
 COMMON         0x000000000000320e       0xb6 contiki-sky.a(collect-nd.o)
                0x000000000000320e                tc
                0x00000000000032ac                neighbors_copy_list
 COMMON         0x00000000000032c4       0x38 contiki-sky.a(collectsdn.o)
                0x00000000000032c4                stats
 COMMON         0x00000000000032fc        0x3 contiki-sky.a(sdn-serial.o)
                0x00000000000032fc                sdn_raw_binary_packet_ev
                0x00000000000032fd                sdn_new_serial_packet_ev
                0x00000000000032fe                sdn_custom_packet_ev
 *fill*         0x00000000000032ff        0x1 00
 COMMON         0x0000000000003300       0x18 contiki-sky.a(sdn-send.o)
                0x0000000000003300                count_noack
                0x0000000000003302                sdn_send_status
                0x0000000000003304                trickle_timer
 COMMON         0x0000000000003318       0x4c contiki-sky.a(sdn-queue.o)
                0x0000000000003318                sdn_send_queue_data
                0x0000000000003354                sdn_recv_queue
                0x0000000000003358                sdn_send_queue
                0x000000000000335c                sdn_recv_queue_data
 COMMON         0x0000000000003364        0x4 contiki-sky.a(collect-cd.o)
                0x0000000000003364                current_sdn_parent
                0x0000000000003366                cd_tc
 COMMON         0x0000000000003368        0x3 contiki-sky.a(protocol-commut)
                0x0000000000003368                sdn_data_packet_sent_counter
                0x0000000000003369                sdn_control_packet_sent_counter
                0x000000000000336a                not_sdn_packet_sent_counter
 *fill*         0x000000000000336b        0x1 00
 COMMON         0x000000000000336c       0x3c contiki-sky.a(powertrace.o)
                0x000000000000336c                batt
                0x000000000000338c                btt_interval_min
                0x000000000000338e                stats_com
                0x00000000000033a6                btt_interval_sec
 COMMON         0x00000000000033a8        0x2 contiki-sky.a(contiki-sky-pla)
                0x00000000000033a8                sensors_flags
 COMMON         0x00000000000033aa        0x8 contiki-sky.a(ds2411.o)
                0x00000000000033aa                ds2411_id
 COMMON         0x00000000000033b2        0x1 contiki-sky.a(sensors.o)
                0x00000000000033b2                sensors_event
 *fill*         0x00000000000033b3        0x1 00
 COMMON         0x00000000000033b4       0x10 contiki-sky.a(cc2420.o)
                0x00000000000033b4                cc2420_last_rssi
                0x00000000000033b6                cc2420_sfd_start_time
                0x00000000000033b8                cc2420_time_of_departure
                0x00000000000033ba                cc2420_time_of_arrival
                0x00000000000033bc                cc2420_last_correlation
                0x00000000000033be                cc2420_authority_level_of_sender
                0x00000000000033c0                cc2420_sfd_counter
                0x00000000000033c2                cc2420_sfd_end_time
 COMMON         0x00000000000033c4        0x2 contiki-sky.a(msp430.o)
                0x00000000000033c4                msp430_dco_required
 COMMON         0x00000000000033c6       0x56 contiki-sky.a(energest.o)
                0x00000000000033c6                energest_total_time
                0x00000000000033f6                energest_total_count
                0x00000000000033f8                energest_current_mode
                0x0000000000003404                energest_current_time
 COMMON         0x000000000000341c        0x8 contiki-sky.a(compower.o)
                0x000000000000341c                compower_idle_activity
 COMMON         0x0000000000003424        0x1 contiki-sky.a(process.o)
                0x0000000000003424                process_maxevents
 COMMON         0x0000000000003425        0x1 contiki-sky.a(serial-line.o)
                0x0000000000003425                serial_line_event_message
 COMMON         0x0000000000003426       0x3c contiki-sky.a(packetbuf.o)
                0x0000000000003426                packetbuf_addrs
                0x000000000000342e                packetbuf_attrs
 COMMON         0x0000000000003462        0x2 contiki-sky.a(linkaddr.o)
                0x0000000000003462                linkaddr_node_addr
                0x0000000000003464                . = ALIGN (0x2)
                0x0000000000003464                PROVIDE (__bss_end, .)
                0x0000000000002282                PROVIDE (__bss_size, SIZEOF (.bss))

.noinit         0x0000000000003464        0x2 load address 0x000000000000d0ba
                0x0000000000003464                PROVIDE (__noinit_start, .)
 *(.noinit .noinit.*)
 .noinit.crt0   0x0000000000003464        0x2 /usr/lib/gcc/msp430/4.6.3/mmpy-16/libcrt0.a(__watchdog_support.o)
                0x0000000000003464                __wdt_clear_value
                0x0000000000003466                . = ALIGN (0x2)
                0x0000000000003466                PROVIDE (__noinit_end, .)
                0x0000000000003466                . = ALIGN (0x2)
                0x0000000000003466                _end = .

.infomem        0x0000000000001000        0x0
 *(.infomem)
                0x0000000000001000                . = ALIGN (0x2)
 *(.infomem.*)

.infomemnobits  0x0000000000001000        0x0
 *(.infomemnobits)
                0x0000000000001000                . = ALIGN (0x2)
 *(.infomemnobits.*)

.infoa
 *(.infoa .infoa.*)

.infob
 *(.infob .infob.*)

.infoc
 *(.infoc .infoc.*)

.infod
 *(.infod .infod.*)

.vectors        0x000000000000ffe0       0x20
                0x000000000000ffe0                PROVIDE (__vectors_start, .)
 *(.vectors*)
 .vectors       0x000000000000ffe0       0x20 /usr/lib/gcc/msp430/4.6.3/mmpy-16/crt0ivtbl16.o
                0x000000000000ffe0                __ivtbl_16
                0x0000000000010000                _vectors_end = .

.fartext        0x0000000000000000        0x0
                0x0000000000000000                . = ALIGN (0x2)
 *(.fartext)
                0x0000000000000000                . = ALIGN (0x2)
 *(.fartext.*)
                0x0000000000000000                _efartext = .

.profiler
 *(.profiler)

.stab           0x0000000000000000    0x23b2c
 *(.stab)
 .stab          0x0000000000000000     0x13b0 controller-node.co
 .stab          0x00000000000013b0     0x10c8 obj_sky/contiki-sky-main.o
                                       0x174c (size before relaxing)
 .stab          0x0000000000002478      0x21c contiki-sky.a(sdn-debug.o)
                                        0x7ec (size before relaxing)
 .stab          0x0000000000002694      0x5e8 contiki-sky.a(sdn-addr.o)
                                        0xba0 (size before relaxing)
 .stab          0x0000000000002c7c      0xce4 contiki-sky.a(collect-nd.o)
                                       0x1758 (size before relaxing)
 .stab          0x0000000000003960     0x1f98 contiki-sky.a(collectsdn.o)
                                       0x2cac (size before relaxing)
 .stab          0x00000000000058f8      0x858 contiki-sky.a(sdn-neighbor-ta)
                                        0xcd8 (size before relaxing)
 .stab          0x0000000000006150     0x12a8 contiki-sky.a(sdn-send-packet)
                                       0x195c (size before relaxing)
 .stab          0x00000000000073f8      0x33c contiki-sky.a(sdn-packetbuf.o)
                                        0xbdc (size before relaxing)
 .stab          0x0000000000007734      0xad4 contiki-sky.a(sdn-serial.o)
                                       0x11dc (size before relaxing)
 .stab          0x0000000000008208      0x99c contiki-sky.a(sdn-send.o)
                                       0x11b8 (size before relaxing)
 .stab          0x0000000000008ba4      0xb64 contiki-sky.a(sdn-queue.o)
                                       0x1158 (size before relaxing)
 .stab          0x0000000000009708      0x4ec contiki-sky.a(sdn-receive.o)
                                        0xf90 (size before relaxing)
 .stab          0x0000000000009bf4      0x3c0 contiki-sky.a(null-cd.o)
                                        0xad4 (size before relaxing)
 .stab          0x0000000000009fb4      0x780 contiki-sky.a(collect-cd.o)
                                       0x1674 (size before relaxing)
 .stab          0x000000000000a734      0x678 contiki-sky.a(protocol-commut)
                                       0x1164 (size before relaxing)
 .stab          0x000000000000adac     0x17d0 contiki-sky.a(powertrace.o)
                                       0x234c (size before relaxing)
 .stab          0x000000000000c57c      0x264 contiki-sky.a(contiki-sky-pla)
                                        0x5b8 (size before relaxing)
 .stab          0x000000000000c7e0      0x468 contiki-sky.a(button-sensor.o)
                                        0x7d4 (size before relaxing)
 .stab          0x000000000000cc48      0x624 contiki-sky.a(ds2411.o)
                                        0xb40 (size before relaxing)
 .stab          0x000000000000d26c      0xa38 contiki-sky.a(xmem.o)
                                        0xf60 (size before relaxing)
 .stab          0x000000000000dca4      0x2b8 contiki-sky.a(node-id.o)
                                        0x4e0 (size before relaxing)
 .stab          0x000000000000df5c      0x654 contiki-sky.a(sensors.o)
                                        0xb70 (size before relaxing)
 .stab          0x000000000000e5b0     0x22ec contiki-sky.a(cc2420.o)
                                       0x2cc4 (size before relaxing)
 .stab          0x000000000001089c      0x9b4 contiki-sky.a(cc2420-arch.o)
                                       0x1404 (size before relaxing)
 .stab          0x0000000000011250      0x60c contiki-sky.a(uart1.o)
                                        0x960 (size before relaxing)
 .stab          0x000000000001185c      0x270 contiki-sky.a(uart1-putchar.o)
                                        0x7bc (size before relaxing)
 .stab          0x0000000000011acc      0x744 contiki-sky.a(msp430.o)
                                        0xa98 (size before relaxing)
 .stab          0x0000000000012210      0x948 contiki-sky.a(clock.o)
                                        0xc9c (size before relaxing)
 .stab          0x0000000000012b58      0x5dc contiki-sky.a(leds.o)
                                        0x828 (size before relaxing)
 .stab          0x0000000000013134      0x3a8 contiki-sky.a(leds-arch.o)
                                        0x6fc (size before relaxing)
 .stab          0x00000000000134dc      0x3fc contiki-sky.a(watchdog.o)
                                        0x750 (size before relaxing)
 .stab          0x00000000000138d8      0x3cc contiki-sky.a(rtimer-arch.o)
                                        0x720 (size before relaxing)
 .stab          0x0000000000013ca4      0x288 contiki-sky.a(autostart.o)
                                        0x534 (size before relaxing)
 .stab          0x0000000000013f2c      0x474 contiki-sky.a(energest.o)
                                        0x6fc (size before relaxing)
 .stab          0x00000000000143a0      0x7a4 contiki-sky.a(ctimer.o)
                                        0xb10 (size before relaxing)
 .stab          0x0000000000014b44      0xa38 contiki-sky.a(etimer.o)